[savosec.fi/index.html]
[consent.cookiebot.com/uc.js]
[backblue.gif]
[fade.gif]
[index.html]
[savosec.fi/wp-includes/css/dist/block-library/style.min4dc9.css]
[savosec.fi/wp-content/plugins/oxygen/component-framework/oxygenf9b8.css]
[savosec.fi/wp-includes/js/jquery/jquery.minaf6c.js]
[savosec.fi/wp-json/wp/v2/pages/12.json]
[savosec.fi/xmlrpc0db0.php]
[savosec.fi/wp-includes/wlwmanifest.xml]
[savosec.fi/wp-json/index.html]
[savosec.fi/wp-json/oembed/1.0/embede770.json]
[savosec.fi/wp-json/oembed/1.0/embedef80]
[savosec.fi/wp-content/uploads/oxygen/css/190351.css]
[savosec.fi/wp-content/uploads/oxygen/css/120c6d.css]
[savosec.fi/wp-content/uploads/oxygen/css/universal0c6d.css]
[savosec.fi/wp-content/uploads/2022/03/mic-150x150.png]
[savosec.fi/wp-content/uploads/2023/05/aino-1.jpg]
[savosec.fi/wp-content/uploads/2023/03/benkku-1.jpg]
[savosec.fi/wp-content/uploads/2023/05/juho.jpg]
[savosec.fi/wp-content/uploads/2023/03/hacker-g059af4d6c_1280.jpg]
[savosec.fi/wp-content/uploads/2023/05/marcus.jpeg.jpg]
[savosec.fi/wp-content/uploads/2022/03/clock-150x150.png]
[savosec.fi/wp-content/uploads/2023/05/Siili_logo_text_8_spikes_Black_RGB_28042020-300x232.png]
[savosec.fi/wp-content/uploads/2022/03/kuosec_logo-300x293.png]
[savosec.fi/wp-content/uploads/2022/05/kpy-novapolis.png]
[savosec.fi/wp-content/uploads/2022/05/kapsi-300x139.webp]
[savosec.fi/wp-content/uploads/2023/05/disobey-300x87.jpg]
[savosec.fi/wp-content/uploads/2023/05/innofactor_logo_blue-300x68.jpg]
[savosec.fi/wp-content/plugins/oxyextras/components/assets/accessible-megamenu8a54.js]
[savosec.fi/wp-content/plugins/oxyextras/components/assets/megamenu-init20b9.js]
[savosec.fi/wp-content/plugins/oxyextras/components/assets/vime/@vime/core/dist/vime/vime.esmfe9d.js]
[savosec.fi/wp-content/plugins/oxyextras/components/assets/timeline-initf269.js]
[savosec.fi/tietosuojaseloste/index.html]
[savosec.fi/wp-content/plugins/oxyextras/components/assets/inert8a54.js]
[savosec.fi/index.html]
[www.googletagmanager.com/gtm5445.html]
[savosec.fi/wp-includes/css/dist/block-library/style.min4dc9.css]
[savosec.fi/wp-content/plugins/oxygen/component-framework/oxygenf9b8.css]
[savosec.fi/wp-content/uploads/oxygen/css/190351.css]
[savosec.fi/wp-content/plugins/oxyextras/components/assets/offcanvas-init4bf4.js]
[savosec.fi/wp-content/uploads/2022/04/scaled-e1648202920184_web.webp]
[savosec.fi/wp-content/uploads/oxygen/css/120c6d.css]
[conference.oxy.host/wp-content/uploads/sites/15/2017/10/Rectangle-12-Copy@2x.png]
[savosec.fi/wp-content/uploads/oxygen/css/universal0c6d.css]
[savosec.fi/wp-json/wp/v2/pages/2.json]
[savosec.fi/tietosuojaseloste/feed/index.html]
[savosec.fi/wp-json/oembed/1.0/embedecdd.json]
[savosec.fi/tietosuojaseloste/index.html]
[savosec.fi/wp-content/uploads/oxygen/css/630e77.css]
[savosec.fi/wp-json/oembed/1.0/embedfb6f]
[savosec.fi/index905b.html]
[savosec.fi/wp-content/uploads/2022/03/AdobeStock_416431135-scaled.jpg]
[savosec.fi/wp-content/uploads/oxygen/css/630e77.css]
